nsh> tflm_benchmark --mode operator --warmup 10 --repeat 1 --csv
[model] arena ptr=0x3fc93f80 size=196608 align_256=0
0 (id=0): size=5888, offset=0, first_used=0 last_used=4
1 (id=1): size=16, offset=5888, first_used=1 last_used=2
2 (id=2): size=16, offset=5904, first_used=2 last_used=3
3 (id=3): size=16, offset=5888, first_used=3 last_used=4
4 (id=4): size=5888, offset=16000, first_used=4 last_used=5
5 (id=5): size=16000, offset=0, first_used=5 last_used=6
6 (id=6): size=16000, offset=32000, first_used=6 last_used=7
7 (id=7): size=32000, offset=0, first_used=7 last_used=8
8 (id=8): size=32000, offset=32000, first_used=8 last_used=9
9 (id=9): size=32000, offset=0, first_used=9 last_used=10
a (id=10): size=32000, offset=48000, first_used=10 last_used=11
b (id=11): size=48000, offset=0, first_used=11 last_used=12
c (id=12): size=96, offset=48384, first_used=12 last_used=13
d (id=13): size=16, offset=16, first_used=13 last_used=14
e (id=14): size=16, offset=0, first_used=14 last_used=14
f (id=15): size=384, offset=48000, first_used=12 last_used=12
 0: 00000........................................................................... (6k)
 1: 00000........................................................................... (6k)
 2: 00000........................................................................... (6k)
 3: 00000........................................................................... (6k)
 4: 00000...........44444........................................................... (12k)
 5: 555555555555555544444........................................................... (22k)
 6: 5555555555555555................6666666666666666................................ (32k)
 7: 777777777777777777777777777777776666666666666666................................ (47k)
 8: 7777777777777777777777777777777788888888888888888888888888888888................ (63k)
 9: 9999999999999999999999999999999988888888888888888888888888888888................ (63k)
10: 99999999999999999999999999999999................aaaaaaaaaaaaaaaaaaaaaaaaaaaaaaaa (63k)
11: bbbbbbbbbbbbbbbbbbbbbbbbbbbbbbbbbbbbbbbbbbbbbbbbaaaaaaaaaaaaaaaaaaaaaaaaaaaaaaaa (79k)
12: bbbbbbbbbbbbbbbbbbbbbbbbbbbbbbbbbbbbbbbbbbbbbbbb................................ (48k)
13: ................................................................................ (1k)
14: ................................................................................ (1k)
[s3-large-8class] arena=196608 used=85876 model=37784 bytes
[tflm_benchmark] feature_count=5880 arena_used=85876
[tflm_benchmark] warmup=10 repeat=1 csv=1
[tflm_benchmark] iteration=1
"Event","Tag","Ticks"
0,SHAPE,4134
1,STRIDED_SLICE,27436
2,PACK,7156
3,RESHAPE,8811
4,CONV_2D,104114726
5,DEPTHWISE_CONV_2D,15459115
6,CONV_2D,88572880
7,DEPTHWISE_CONV_2D,30860512
8,CONV_2D,170517222
9,DEPTHWISE_CONV_2D,30856427
10,CONV_2D,255764233
11,MEAN,13054821
12,FULLY_CONNECTED,25050
13,SOFTMAX,48494